[INFO] Scanning for projects...
[INFO] 
[INFO] --------------------< com.vegayan:airtelmanagement >--------------------
[INFO] Building airtelmanagement 0.0.1-SNAPSHOT
[INFO]   from pom.xml
[INFO] --------------------------------[ war ]---------------------------------
[INFO] 
[INFO] --- clean:3.5.0:clean (default-clean) @ airtelmanagement ---
[INFO] Deleting D:\CHM_airtel_scheduler\Github_Repo\airtelmanagement\target
[INFO] 
[INFO] --- resources:3.3.1:resources (default-resources) @ airtelmanagement ---
[INFO] Copying 1 resource from src\main\resources to target\classes
[INFO] Copying 2 resources from src\main\resources to target\classes
[INFO] 
[INFO] --- compiler:3.14.1:compile (default-compile) @ airtelmanagement ---
[INFO] Recompiling the module because of changed source code.
[INFO] Compiling 302 source files with javac [debug parameters release 17] to target\classes
[INFO] ------------------------------------------------------------------------
[INFO] BUILD SUCCESS
[INFO] ------------------------------------------------------------------------
[INFO] Total time:  50.153 s
[INFO] Finished at: 2026-07-22T12:12:37+05:30
[INFO] ------------------------------------------------------------------------
